// Jest Snapshot v1, https://goo.gl/fbAQLP

exports[`ExternalCollectorsService should fetch githubMetrics 1`] = `
Array [
  Object {
    "createdAt": 2018-12-06T00:00:00.000Z,
    "dataType": "EXT-someType",
    "field1": "someAdditionalData",
    "field2": 4,
    "field3": 2018-12-07T00:00:00.000Z,
    "id": "ef45cd18b51f62229eea7d9e66542631a1d34893af3cc0b0616d23e0db14ae8e",
    "teamName": "someTeamName",
  },
]
`;
