// Jest Snapshot v1, https://goo.gl/fbAQLP

exports[`JiraModuleFactory should fail to create collector 1`] = `"env.JIRA_HOST not set!"`;
