// Jest Snapshot v1, https://goo.gl/fbAQLP

exports[`JiraRepository enrichWith 1`] = `
Array [
  Object {
    "name": "enriched",
  },
]
`;
