// Jest Snapshot v1, https://goo.gl/fbAQLP

exports[`ExternalRepositoryImpl should get inline values properly 1`] = `
Array [
  Object {
    "createdAt": 2018-12-04T00:00:00.000Z,
    "header1": 2,
    "header2": 3,
    "header3": "someValue",
    "teamName": "someTeamName",
  },
]
`;
